c7e00000 T _start
c7e00020 t _undefined_instruction
c7e00024 t _software_interrupt
c7e00028 t _prefetch_abort
c7e0002c t _data_abort
c7e00030 t _not_used
c7e00034 t _irq
c7e00038 t _fiq
c7e0003c t _pad
c7e00040 T _end_vect
c7e00040 t _TEXT_BASE
c7e00044 t _TEXT_PHY_BASE
c7e00048 T _armboot_start
c7e0004c T _bss_start
c7e00050 T _bss_end
c7e00054 t reset
c7e00064 t cpu_init_crit
c7e000b8 t after_copy
c7e000b8 t enable_mmu
c7e000d8 t mmu_on
c7e000f4 t skip_hw_init
c7e000f4 t stack_setup
c7e000f8 t clear_bss
c7e00104 t clbss_l
c7e00118 t _start_armboot
c7e0011c t _mmu_table_base
c7e00120 T copy_from_nand
c7e0016c t copy_failed
c7e00174 t compare_failed
c7e0017c T theLastJump
c7e00198 t phy_last_jump
c7e001c0 t undefined_instruction
c7e00220 t software_interrupt
c7e00280 t prefetch_abort
c7e002e0 t data_abort
c7e00340 t not_used
c7e003a0 t irq
c7e00400 t fiq
c7e00460 T arm1136_cache_flush
c7e00480 T mem_ctrl_asm_init
c7e0057c t check_dmc1_ready
c7e00598 T cleanDCache
c7e005a4 T cleanFlushDCache
c7e005b0 T cleanFlushCache
c7e005dc T copy_uboot_to_ram
c7e006f4 T movi_set_capacity
c7e006f8 T movi_set_ofs
c7e00744 T movi_bl2_copy
c7e00788 T movi_read_env
c7e0079c T movi_write_env
c7e007b0 T movi_init
c7e007e0 T raise
c7e007e4 T __aeabi_ldiv0
c7e007e8 T __div0
c7e007ec t _TEXT_BASE
c7e007f0 T lowlevel_init
c7e00898 t wakeup_reset
c7e008c4 t system_clock_init
c7e008f8 t check_syncack
c7e00998 t uart_asm_init
c7e009e8 t nand_asm_init
c7e00a64 t READ_TIMER
c7e00a7c T enable_interrupts
c7e00a80 T disable_interrupts
c7e00a88 T set_timer
c7e00a98 T reset_timer_masked
c7e00ab8 T reset_timer
c7e00abc T get_timer_masked
c7e00b04 T get_timer
c7e00b18 T udelay
c7e00b8c T udelay_masked
c7e00c00 T get_ticks
c7e00c14 T get_tbclk
c7e00c2c T interrupt_init
c7e00ca8 T show_regs
c7e00de8 T bad_mode
c7e00e04 T do_irq
c7e00e28 T do_fiq
c7e00e4c T do_not_used
c7e00e70 T do_data_abort
c7e00e94 T do_prefetch_abort
c7e00eb8 T do_software_interrupt
c7e00edc T do_undefined_instruction
c7e00f00 t read_p15_c1
c7e00f08 t write_p15_c1
c7e00f10 t cp_delay
c7e00f3c T cpu_init
c7e00f44 T icache_enable
c7e00f60 T icache_disable
c7e00f7c T icache_status
c7e00f90 T dcache_enable
c7e00fac T dcache_disable
c7e00fc8 T dcache_status
c7e00fdc T branch_enable
c7e00ff8 T branch_disable
c7e01014 T branch_status
c7e01028 T cleanup_before_linux
c7e01054 T reset_cpu
c7e0108c T do_reset
c7e010a4 t wait_for_r_buf_ready
c7e01100 t wait_for_data_done
c7e0111c t ClearCommandCompleteStatus
c7e0114c t ClearTransferCompleteStatus
c7e01174 t ClearBufferReadReadyStatus
c7e0119c t card_irq_enable
c7e011c0 T hsmmc_reset
c7e011d4 T hsmmc_set_gpio
c7e01208 t set_transfer_mode_register
c7e0123c t set_arg_register
c7e0124c t set_blkcnt_register
c7e0125c t SetSystemAddressReg
c7e0126c t set_blksize_register
c7e01288 t ClearErrInterruptStatus
c7e012b4 t hsmmc_clock_onoff
c7e01300 t set_cmd_register
c7e01358 t set_hostctl_speed
c7e01378 t check_dma_int
c7e013dc t set_clock
c7e01460 t wait_for_cmd_done
c7e014c0 t issue_command
c7e015b4 t check_card_status
c7e015f0 t set_mmc_speed
c7e0162c t set_sd_speed
c7e0171c T movi_read
c7e0184c T movi_write
c7e019b8 t process_ext_csd
c7e01a8c T hsmmc_init
c7e01fa8 T test_hsmmc
c7e024e8 t S3C64XX_GetBase_UART
c7e024f8 T serial_setbrg
c7e024fc T serial_init
c7e0250c T serial_getc
c7e0252c T serial_putc
c7e0255c T serial_tstc
c7e02574 T serial_puts
c7e0259c t get_PLLCLK
c7e02608 T get_UCLK
c7e02610 T get_FCLK
c7e02618 T get_PCLK
c7e0266c T get_HCLK
c7e026c0 T get_ARMCLK
c7e026e8 T print_cpuinfo
c7e027d8 T sbrk
c7e0280c T hang
c7e0281c t display_dram_config
c7e0284c t display_banner
c7e0286c t init_baudrate
c7e028cc T start_armboot
c7e02abc t __fswab16
c7e02ad0 t __fswab32
c7e02af0 t startAgainTimeout
c7e02b04 t startAgainHandler
c7e02b08 T NetSetHandler
c7e02b18 T NetCksum
c7e02b60 T NetCksumOk
c7e02b84 T copy_filename
c7e02bdc T string_to_VLAN
c7e02c28 T getenv_VLAN
c7e02c38 T string_to_ip
c7e02ca0 T getenv_IPaddr
c7e02cb0 T NetEthHdrSize
c7e02cf4 T VLAN_to_string
c7e02d4c T ip_to_string
c7e02d8c T print_IPaddr
c7e02da8 t NetCopyIP
c7e02db0 T NetSetIP
c7e02eb0 T NetSetEther
c7e02f64 t NetReadIP
c7e02f80 t PingHandler
c7e02fa8 t NetWriteIP
c7e02fc4 T NetSendPacket
c7e02fc8 T ArpRequest
c7e030b4 T NetReceive
c7e03584 T PingSend
c7e036c0 T NetSetTimeout
c7e036f0 T NetSendUDPPacket
c7e0382c T NetStartAgain
c7e038a8 T ArpTimeoutCheck
c7e0391c t PingTimeout
c7e03938 T NetLoop
c7e03d24 t __fswab16
c7e03d38 t TftpSend
c7e03e98 T TftpStart
c7e0408c t TftpTimeout
c7e040e8 t TftpHandler
c7e04320 t __fswab16
c7e04334 t __fswab32
c7e04354 t truncate_sz
c7e04388 t NetWriteIP
c7e043a4 t NetCopyIP
c7e043ac t NetReadLong
c7e043c8 T BootpRequest
c7e045cc t BootpHandler
c7e048fc t BootpTimeout
c7e04944 T RarpRequest
c7e04a4c t RarpHandler
c7e04aa8 t RarpTimeout
c7e04af0 T eth_initialize
c7e04af8 t __fswab32
c7e04b18 t NfsTimeout
c7e04b3c t basename
c7e04b78 t dirname
c7e04b94 t rpc_add_credentials
c7e04c6c t rpc_lookup_reply
c7e04d0c t nfs_mount_reply
c7e04da8 t nfs_umountall_reply
c7e04e28 t nfs_lookup_reply
c7e04ebc t rpc_req
c7e04fc8 t rpc_lookup_req
c7e0502c t nfs_mount_req
c7e050bc t nfs_umountall_req
c7e05114 t nfs_lookup_req
c7e051b8 t nfs_read_req
c7e05238 t nfs_readlink_req
c7e05290 t NfsSend
c7e05324 T NfsStart
c7e05558 t nfs_readlink_reply
c7e05650 t nfs_read_reply
c7e05794 t NfsHandler
c7e0597c t get_reg_init_bus
c7e059dc t get_reg
c7e059f8 t put_reg
c7e05a14 t eth_reginit
c7e05a68 T eth_halt
c7e05a88 t cs8900_e2prom_ready
c7e05aa4 T cs8900_e2prom_read
c7e05ad8 T cs8900_e2prom_write
c7e05b2c t eth_reset
c7e05b90 T eth_send
c7e05c58 T eth_rx
c7e05cec T eth_init
c7e05d6c T cs8900_get_enetaddr
c7e05f64 T nand_init
c7e06000 t generic_ffs
c7e06058 t nand_release_device
c7e06070 t nand_read_byte
c7e06080 t nand_read_byte16
c7e06094 t nand_read_word
c7e060a4 t nand_write_buf
c7e060d8 t nand_read_buf
c7e06100 t nand_verify_buf
c7e06148 t nand_write_buf16
c7e06180 t nand_read_buf16
c7e061b8 t nand_verify_buf16
c7e06204 t nand_block_bad
c7e06314 t nand_check_wp
c7e06350 T nand_wait_ready
c7e06364 t nand_read_page_raw
c7e0639c t nand_read_page_swecc
c7e064b4 t nand_read_page_hwecc
c7e065e4 t nand_read_page_syndrome
c7e06708 t nand_read_oob_std
c7e0674c t nand_read_oob_syndrome
c7e0685c t nand_write_oob_std
c7e068cc t nand_write_oob_syndrome
c7e06a84 t nand_write_page_raw
c7e06ab8 t nand_write_page_swecc
c7e06b5c t nand_write_page_hwecc
c7e06c28 t nand_write_page_syndrome
c7e06d18 t nand_write_page
c7e06dd8 t single_erase_cmd
c7e06e14 t multi_erase_cmd
c7e06ea0 t nand_sync
c7e06ea4 t nand_suspend
c7e06eac T nand_release
c7e06ed4 t nand_resume
c7e06ef4 T nand_scan_ident
c7e073c0 T nand_scan_tail
c7e07884 T nand_scan
c7e078a4 t nand_select_chip
c7e07900 t nand_block_isbad
c7e07960 t nand_block_markbad
c7e0799c t nand_fill_oob
c7e07ab0 t nand_do_write_oob
c7e07bb8 t nand_do_write_ops
c7e07ed8 t nand_write_oob
c7e07f88 t nand_write
c7e08020 t nand_transfer_oob
c7e08134 t nand_do_read_ops
c7e084d0 t nand_read_oob
c7e08694 T nand_read
c7e0872c t nand_command
c7e088e8 t nand_command_lp
c7e08b30 t nand_default_block_markbad
c7e08c08 T nand_erase_nand
c7e08ea0 t nand_erase
c7e08ea8 t nand_wait
c7e08f7c T nand_calculate_ecc
c7e09074 T nand_correct_data
c7e091a0 t check_pattern
c7e09258 t scan_read_raw
c7e092a4 t search_bbt
c7e0943c T nand_isbad_bbt
c7e0948c t create_bbt
c7e09794 t read_bbt
c7e0999c t read_abs_bbt
c7e09a68 t write_bbt
c7e0a0a4 T nand_update_bbt
c7e0a1fc t mark_bbt_region
c7e0a368 T nand_scan_bbt
c7e0a7dc T nand_default_bbt
c7e0a8a0 T run_command
c7e0acd8 t cread_add_char
c7e0adc8 t cread_add_str
c7e0ae18 T readline
c7e0b4b0 T main_loop
c7e0b5d0 t print_num
c7e0b5e4 T do_bdinfo
c7e0b6b8 T do_go
c7e0b738 t __fswab32
c7e0b758 t do_imls
c7e0b760 T gunzip
c7e0b8b8 t zfree
c7e0b8c0 t zalloc
c7e0b8d0 T print_image_hdr
c7e0bccc T do_bootm
c7e0c304 t on_off
c7e0c340 T do_branch
c7e0c3c4 T do_dcache
c7e0c448 T do_icache
c7e0c4cc t cnvrt2
c7e0c510 T mk_date
c7e0c6e0 T do_date
c7e0c7f4 T valid_elf_image
c7e0c868 T load_elf_image
c7e0c970 T do_bootvx
c7e0caec T do_bootelf
c7e0cb90 t flash_fill_sect_ranges
c7e0cba0 T flash_sect_protect
c7e0cc34 T flash_sect_erase
c7e0cca4 t addr_spec
c7e0cd60 T do_flinfo
c7e0cd98 t abbrev_spec
c7e0cdd0 T do_protect
c7e0cf9c T do_flerase
c7e0d0e8 t evalstr
c7e0d104 t evalexp
c7e0d150 T binary_test
c7e0d330 T do_itest
c7e0d3d8 T ktrans
c7e0d3f8 T chk1
c7e0d428 t bin_data_init
c7e0d444 t bin_data_char
c7e0d474 T k_data_init
c7e0d494 T k_data_save
c7e0d4bc T k_data_restore
c7e0d4e4 T k_data_char
c7e0d534 T send_pad
c7e0d564 T s1_sendpacket
c7e0d590 T handle_send_packet
c7e0d754 T send_nack
c7e0d7b4 T send_ack
c7e0d814 t load_serial_ymodem
c7e0d954 t getcxmodem
c7e0d974 T do_load_serial_bin
c7e0ddd8 t load_serial
c7e0e004 T do_load_serial
c7e0e0e4 T do_mem_base
c7e0e128 T do_mem_crc
c7e0e1e0 T do_mem_mtest
c7e0e30c T cmd_get_data_size
c7e0e384 T do_mem_loop
c7e0e488 T do_mem_cp
c7e0e5b8 T do_mem_cmp
c7e0e75c T do_mem_mw
c7e0e830 t mod_mem
c7e0e98c T do_mem_nm
c7e0e9ac T do_mem_mm
c7e0e9cc T do_mem_md
c7e0eba8 T do_sleep
c7e0ec38 t __fswab32
c7e0ec58 t nand_read
c7e0ec80 t str2long
c7e0ecbc t arg_off_size
c7e0ed98 T do_nandboot
c7e0efcc T do_nand
c7e0fba8 T do_ping
c7e0fc30 t netboot_common
c7e0feec T do_nfs
c7e0fef8 T do_rarpb
c7e0ff04 T do_tftpb
c7e0ff10 T do_bootp
c7e0ff1c t envmatch
c7e0ff8c T getenv_r
c7e1004c T do_saveenv
c7e10078 T getenv
c7e100f4 T _do_setenv
c7e10588 T do_setenv
c7e105c8 T setenv
c7e105fc T do_printenv
c7e107a0 T usb_get_class_desc
c7e10848 T usb_display_ep_desc
c7e1091c T usb_display_class_sub
c7e10a90 T usb_show_tree_graph
c7e10ca8 T usb_show_tree
c7e10cdc T usb_display_desc
c7e10e0c T usb_display_string
c7e10e44 T usb_display_if_desc
c7e10ecc T usb_display_conf_desc
c7e10f78 T usb_display_config
c7e11008 T do_usb
c7e111e4 T find_cmd
c7e11278 T do_echo
c7e112f8 T do_help
c7e114a4 T do_version
c7e114c4 T do_exit
c7e114f4 T do_test
c7e11970 t console_setfile
c7e11a10 T fgetc
c7e11a38 T ftstc
c7e11a60 T fputc
c7e11a8c T fputs
c7e11ab8 T disable_ctrlc
c7e11ad0 T had_ctrlc
c7e11ae0 T clear_ctrlc
c7e11af4 T dbg
c7e11b00 T console_init_f
c7e11b10 T console_assign
c7e11ba0 T fprintf
c7e11be8 T puts
c7e11c04 T vprintf
c7e11c30 T printf
c7e11c70 T console_init_r
c7e11e14 T serial_printf
c7e11e54 T putc
c7e11e70 T tstc
c7e11e88 T getc
c7e11ea0 T ctrlc
c7e11ef0 T devices_done
c7e11f0c T device_register
c7e11f30 T devices_init
c7e11fdc T malloc_bin_reloc
c7e12014 T malloc_usable_size
c7e12058 T mallopt
c7e120d0 T malloc_trim
c7e1219c T free
c7e123c8 T cfree
c7e123cc T malloc
c7e129ac T memalign
c7e12abc T pvalloc
c7e12ad4 T valloc
c7e12ae0 T calloc
c7e12bc0 T realloc
c7e1303c T env_get_char_memory
c7e1305c T env_get_addr
c7e1307c t env_get_char_init
c7e1309c T env_crc_update
c7e130c8 T env_relocate
c7e13158 t nand_read
c7e13180 t nand_write
c7e131a8 T env_get_char_spec
c7e131b4 T env_init
c7e131d0 t use_default
c7e1325c T env_relocate_spec
c7e132c8 T saveenv
c7e133b8 t dummy
c7e133bc T get_version
c7e133c4 T jumptable_init
c7e1347c T flash_protect
c7e13578 T addr2info
c7e13580 T flash_write
c7e13590 T flash_perror
c7e13670 t b_reset
c7e1368c T simple_itoa
c7e136e0 t static_get
c7e136fc t static_peek
c7e13708 t file_peek
c7e13714 t setup_string_in_str
c7e13740 t indenter
c7e13750 t is_assignment
c7e137ac T mapset
c7e137d8 T u_boot_hush_start
c7e13860 t file_get
c7e13a30 t syntax_err
c7e13a3c t xmalloc
c7e13a5c T new_pipe
c7e13a84 t free_pipe_list
c7e13b70 t b_free
c7e13b94 t xrealloc
c7e13bb4 t done_command
c7e13c3c t initialize_context
c7e13c74 t done_pipe
c7e13cc4 t b_addchr
c7e13d40 t b_addqchr
c7e13d8c T reserved_word
c7e13ec4 t done_word
c7e14048 t insert_var_value
c7e141f8 t set_local_var
c7e143a8 T update_ifs_map
c7e14418 t parse_stream_outer
c7e149f8 T parse_file_outer
c7e14a3c T parse_string_outer
c7e14b04 t run_list_real
c7e152b0 T GetHandleSize
c7e152b8 T ListSetAllocationPolicy
c7e152cc T ListGetPtrToItem
c7e15304 T ListGetDataPtr
c7e15310 T ListGetItemSize
c7e1531c T ListNumItems
c7e15328 T ListGetItems
c7e15370 T SetHandleSize
c7e153ec T ListInsertItems
c7e155bc T ListInsertItem
c7e155c4 T DisposeHandle
c7e155e4 T ListDispose
c7e155e8 T NewHandle
c7e15644 T ListCreate
c7e156a4 t hex1_bin
c7e156dc t hex2_bin
c7e15710 T srec_decode
c7e15980 T usb_disable_asynch
c7e15998 T usb_maxpacket
c7e159bc T usb_set_maxpacket
c7e15ac8 T usb_get_dev_index
c7e15af8 T usb_hub_reset
c7e15b0c T usb_hub_allocate
c7e15b54 T usb_alloc_new_device
c7e15bf0 T usb_parse_config
c7e15d84 T usb_submit_int_msg
c7e15d88 T usb_stop
c7e15db8 T wait_ms
c7e15ddc T usb_bulk_msg
c7e15e40 T usb_control_msg
c7e15f40 T usb_get_port_status
c7e15fa0 T usb_get_hub_status
c7e15ff4 T usb_set_port_feature
c7e16054 T usb_clear_port_feature
c7e160b4 T usb_clear_hub_feature
c7e16108 T usb_get_hub_descriptor
c7e16164 T usb_get_string
c7e161f0 t usb_string_sub
c7e162f4 T usb_string
c7e163f4 T usb_get_class_descriptor
c7e16464 T usb_get_report
c7e164d4 T usb_set_idle
c7e16538 T usb_set_protocol
c7e16598 T usb_set_configuration
c7e16600 T usb_set_interface
c7e166cc T usb_set_address
c7e16710 T usb_get_descriptor
c7e1677c T usb_get_configuration_no
c7e16824 T usb_clear_halt
c7e168d8 t usb_hub_power_on
c7e1691c T usb_hub_port_connect_change
c7e16a78 T usb_hub_configure
c7e16cb8 T usb_hub_probe
c7e16d18 T usb_new_device
c7e16fa8 T usb_scan_devices
c7e1700c T usb_init
c7e17088 T parse_num
c7e171b0 T xyzModem_error
c7e1724c T xyzModem_stream_close
c7e17298 T CYGACC_COMM_IF_PUTC
c7e172a0 T CYGACC_COMM_IF_GETC_TIMEOUT
c7e172f4 t xyzModem_flush
c7e1731c T xyzModem_stream_terminate
c7e173f0 t xyzModem_get_hdr
c7e17674 T xyzModem_stream_read
c7e17900 T xyzModem_stream_open
c7e17a60 T do_usbd_dnw
c7e17b74 T do_movi
c7e17f28 T cyg_crc16
c7e17f70 T crc32
c7e18084 T crc32_no_comp
c7e18190 T print_size
c7e18230 T display_options
c7e18250 T strcpy
c7e1826c T strncpy
c7e18294 T strcat
c7e182c8 T strncat
c7e1832c T strcmp
c7e18364 T strncmp
c7e183b4 T strchr
c7e183e0 T strlen
c7e18400 T strrchr
c7e18438 T strnlen
c7e18460 T strspn
c7e184a4 T strpbrk
c7e184e4 T strtok
c7e18564 T strsep
c7e18598 T strswab
c7e185e4 T memset
c7e18604 T bcopy
c7e18630 T memcpy
c7e18654 T memmove
c7e186b0 T memcmp
c7e186f0 T memscan
c7e18720 T strstr
c7e18784 T memchr
c7e187b4 T strdup
c7e187e8 T simple_strtoul
c7e188a0 T simple_strtol
c7e188c8 t skip_atoi
c7e18900 t number
c7e18b6c T panic
c7e18bbc T vsprintf
c7e18fc0 T sprintf
c7e18fe8 t falloc
c7e1900c t ffree
c7e19010 t inflate_trees_free
c7e19044 t huft_build
c7e1960c t inflate_trees_fixed
c7e19808 t inflate_codes_new
c7e19858 t inflate_codes_free
c7e19878 t inflate_blocks_reset
c7e19940 T inflateEnd
c7e199d8 T inflateReset
c7e19a38 T inflateSync
c7e19b38 T inflateInit2
c7e19c7c T inflateInit
c7e19c84 T adler32
c7e19dfc T inflateIncomp
c7e19f28 t inflate_flush
c7e1a09c T inflate
c7e1bd7c T board_init
c7e1bdcc T dram_init
c7e1bdec T virt_to_phy_smdk6410
c7e1be1c T checkboard
c7e1be34 T board_late_init
c7e1becc t write_hword
c7e1bfc4 T write_buff
c7e1c138 T flash_print_info
c7e1c24c T flash_erase
c7e1c450 T flash_init
c7e1c49c t td_alloc
c7e1c4dc t urb_free_priv
c7e1c514 T rh_check_port_status
c7e1c51c T submit_common_msg
c7e1c524 T submit_bulk_msg
c7e1c52c T submit_control_msg
c7e1c534 T submit_int_msg
c7e1c53c T usb_lowlevel_init
c7e1c544 T usb_lowlevel_stop
c7e1c54c t td_fill
c7e1c600 T sohci_submit_job
c7e1cb8c t s3c_nand_hwcontrol
c7e1cc04 t s3c_nand_device_ready
c7e1cc20 t s3c_nand_enable_hwecc
c7e1cc84 t s3c_nand_calculate_ecc
c7e1cd50 t s3c_nand_write_oob_1bit
c7e1ce30 t s3c_nand_read_oob_1bit
c7e1cef4 t s3c_nand_write_page_1bit
c7e1d05c t s3c_nand_read_page_1bit
c7e1d1fc t s3c_nand_read_page_4bit
c7e1d310 t s3c_nand_write_page_4bit
c7e1d3dc T board_nand_init
c7e1d638 t s3c_nand_correct_data
c7e1d814 t s3c_nand_scan_bbt
c7e1d818 T s3c_usb_core_soft_reset
c7e1d838 T s3c_usb_init_core
c7e1d854 T s3c_usb_check_current_mode
c7e1d868 T s3c_usb_set_soft_disconnect
c7e1d87c T s3c_usb_clear_soft_disconnect
c7e1d890 T s3c_usb_init_device
c7e1d8d0 T s3c_usbc_activate
c7e1d8d8 T s3c_usb_stop
c7e1d8e0 T s3c_usb_set_inep_xfersize
c7e1d90c T s3c_usb_set_outep_xfersize
c7e1d93c T s3c_usb_write_ep0_fifo
c7e1d994 T s3c_usb_write_in_fifo
c7e1d9ec T s3c_usb_read_out_fifo
c7e1da40 T s3c_usb_get_desc
c7e1dc10 T s3c_usb_clear_feature
c7e1dc8c T s3c_usb_set_feature
c7e1ddec T s3c_usb_get_status
c7e1de94 T s3c_usb_ep0_int_hndlr
c7e1e0ac T s3c_usb_set_otherspeed_conf_desc
c7e1e1cc T s3c_usb_transfer_ep0
c7e1ee90 T s3c_usb_int_bulkin
c7e1f05c T s3c_usb_upload_start
c7e1f288 T s3c_usb_download_start
c7e1f494 T s3c_usb_dma_in_done
c7e1f5a4 T s3c_usb_set_all_outep_nak
c7e1f5cc T s3c_usb_clear_all_outep_nak
c7e1f5f4 T s3c_usb_set_max_pktsize
c7e1f6a4 T s3c_usb_set_endpoint
c7e1f6f8 T s3c_usb_set_descriptors
c7e1f894 T s3c_usb_check_speed
c7e1f8ac T s3c_usb_clear_dnfile_info
c7e1f8ec T s3c_usb_clear_upfile_info
c7e1f92c T s3c_usb_check_setconf
c7e1f95c T s3c_usb_set_opmode
c7e1fa2c T s3c_usb_reset
c7e1fa94 T s3c_usb_set_init
c7e1faf0 T s3c_usb_verify_checksum
c7e1fbb8 T s3c_usb_download_continue
c7e1fd24 T s3c_usb_int_bulkout
c7e1fd74 T s3c_usb_pkt_receive
c7e1fdf4 T s3c_usb_print_pkt
c7e1fe40 T s3c_usb_dma_out_done
c7e1ff5c T s3c_usb_transfer
c7e20080 T s3c_udc_int_hndlr
c7e2011c T s3c_usb_wait_cable_insert
c7e20168 T s3c_usb_init_phy
c7e201a0 T s3c_usbctl_init
c7e20264 t __fswab32
c7e20284 T do_bootm_linux
c7e20674 T flush_cache
c7e20678 T GregorianDay
c7e2076c T to_tm
c7e2087c T mktime
c7e20910 t SetRTC_Access
c7e2094c t bcd2bin
c7e20960 t bin2bcd
c7e20994 T rtc_get
c7e20a98 T rtc_set
c7e20b38 T rtc_reset
c7e20b60 t nand_block_bad_scrub
c7e20b68 T nand_lock
c7e20bbc T nand_unlock
c7e20ccc T nand_get_lock_status
c7e20d58 T nand_read_opts
c7e210ec T nand_write_opts
c7e215f8 T nand_erase_opts
c7e21964 T __div64_32
c7e21a58 T __aeabi_uidiv
c7e21a58 T __udivsi3
c7e21a58 t .udivsi3_nodiv0
c7e21c44 T __aeabi_uidivmod
c7e21c64 T __aeabi_idiv
c7e21c64 T __divsi3
c7e21c6c t .divsi3_nodiv0
c7e21e84 T __aeabi_idivmod
c7e21ea4 T __aeabi_lasr
c7e21ea4 T __ashrdi3
c7e21ec0 T __aeabi_llsl
c7e21ec0 T __ashldi3
c7e21edc W __aeabi_idiv0
c7e22110 r C.8.2231
c7e22190 R version_string
c7e221d1 r default_nand_name
c7e221d6 r __FUNCTION__.4016
c7e221e5 r __FUNCTION__.2571
c7e221f6 r __FUNCTION__.3560
c7e22204 r __FUNCTION__.3075
c7e22216 r C.19.2729
c7e22218 r nand_ecc_precalc_table
c7e22318 r baudrate_table
c7e2232c r crc16_tab
c7e2252c r crc_table
c7e2292c r border
c7e22978 r inflate_mask
c7e229bc R config_full
c7e229c5 R config_full_total
c7e229e5 R config_high
c7e229ee R config_high_total
c7e22a0e R qualifier_desc
c7e22a18 R string_desc0
c7e22a1c R string_desc1
c7e22a32 R string_desc2
c7e22a60 r C.7.1894
c7e28a08 D init_sequence
c7e28a3c D NetOurVLAN
c7e28a3e D NetBcastAddr
c7e28a44 D NetOurNativeVLAN
c7e28a48 d nfs_offset
c7e28a4c D nand_curr_device
c7e28a50 d nand_oob_8
c7e28ba0 d nand_oob_16
c7e28cf0 d nand_oob_64
c7e28e40 D nand_flash_ids
c7e293c8 D nand_manuf_ids
c7e29408 d bbt_main_descr
c7e2942c d bbt_mirror_descr
c7e29450 d agand_flashbased
c7e29474 d smallpage_flashbased
c7e29498 d largepage_flashbased
c7e294bc d smallpage_memorybased
c7e294e0 d largepage_memorybased
c7e29504 d bbt_pattern
c7e29508 d mirror_pattern
c7e2950c d scan_agand_pattern
c7e29512 d scan_ff_pattern
c7e29514 d hist_cur
c7e29518 D load_addr
c7e2951c D weekdays
c7e29538 D op_table
c7e295a0 d do_echo
c7e295a4 D dp_last_length
c7e295a8 D stdio_names
c7e295b4 d av_
c7e299bc d trim_threshold
c7e299c0 d mmap_threshold
c7e299c4 d sbrk_base
c7e299c8 D default_environment
c7e29adc D env_get_char
c7e29ae0 D default_environment_size
c7e29ae4 D env_name_spec
c7e29ae8 d blanks.2356
c7e29b10 d reserved_list
c7e29b94 D _ctype
c7e29c94 d fixed_left
c7e29c98 d cplens
c7e29d14 d cplext
c7e29d90 d cpdist
c7e29e08 d cpdext
c7e29e80 D zlib_version
c7e29e84 D z_errmsg
c7e29ea4 d s3c_nand_oob_64
c7e29ff4 d s3c_nand_oob_16
c7e2a144 d s3c_nand_oob_mlc_64
c7e2a294 D test_pkt
c7e2a2cc d month_days
c7e2a2fc d autoplace_oobinfo
c7e2a44c d jffs2_oobinfo
c7e2a59c d yaffs_oobinfo
c7e2a6ec A __u_boot_cmd_start
c7e2a6ec D __u_boot_cmd_bdinfo
c7e2a704 D __u_boot_cmd_go
c7e2a71c D __u_boot_cmd_reset
c7e2a734 D __u_boot_cmd_bootm
c7e2a74c D __u_boot_cmd_imls
c7e2a764 D __u_boot_cmd_icache
c7e2a77c D __u_boot_cmd_dcache
c7e2a794 D __u_boot_cmd_branch
c7e2a7ac D __u_boot_cmd_date
c7e2a7c4 D __u_boot_cmd_bootelf
c7e2a7dc D __u_boot_cmd_bootvx
c7e2a7f4 D __u_boot_cmd_flinfo
c7e2a80c D __u_boot_cmd_erase
c7e2a824 D __u_boot_cmd_protect
c7e2a83c D __u_boot_cmd_itest
c7e2a854 D __u_boot_cmd_loads
c7e2a86c D __u_boot_cmd_loadb
c7e2a884 D __u_boot_cmd_loady
c7e2a89c D __u_boot_cmd_md
c7e2a8b4 D __u_boot_cmd_mm
c7e2a8cc D __u_boot_cmd_nm
c7e2a8e4 D __u_boot_cmd_mw
c7e2a8fc D __u_boot_cmd_cp
c7e2a914 D __u_boot_cmd_cmp
c7e2a92c D __u_boot_cmd_crc32
c7e2a944 D __u_boot_cmd_base
c7e2a95c D __u_boot_cmd_loop
c7e2a974 D __u_boot_cmd_mtest
c7e2a98c D __u_boot_cmd_sleep
c7e2a9a4 D __u_boot_cmd_nand
c7e2a9bc D __u_boot_cmd_nboot
c7e2a9d4 D __u_boot_cmd_bootp
c7e2a9ec D __u_boot_cmd_tftpboot
c7e2aa04 D __u_boot_cmd_rarpboot
c7e2aa1c D __u_boot_cmd_nfs
c7e2aa34 D __u_boot_cmd_ping
c7e2aa4c D __u_boot_cmd_printenv
c7e2aa64 D __u_boot_cmd_setenv
c7e2aa7c D __u_boot_cmd_saveenv
c7e2aa94 D __u_boot_cmd_usb
c7e2aaac D __u_boot_cmd_version
c7e2aac4 D __u_boot_cmd_echo
c7e2aadc D __u_boot_cmd_test
c7e2aaf4 D __u_boot_cmd_exit
c7e2ab0c D __u_boot_cmd_help
c7e2ab24 D __u_boot_cmd_question_mark
c7e2ab3c D __u_boot_cmd_dnw
c7e2ab54 D __u_boot_cmd_movi
c7e2ab6c A __u_boot_cmd_end
c7e2c000 R mmu_table
c7e30000 A __bss_start
c7e30000 B movi_hc
c7e30004 b timestamp
c7e30008 b lastdec
c7e3000c B timer_load_val
c7e30010 b HS_DMA_END
c7e30014 b ocr_check
c7e30018 b rca
c7e3001c b rd_cnt_HSMMC
c7e30020 b BlockNum_HSMMC
c7e30024 b ReadBlockCnt_INT
c7e30028 b wt_cnt_HSMMC
c7e3002c b WriteBlockCnt_INT
c7e30030 b BufferBoundary_INT_Cnt
c7e30034 b CompareCnt_INT
c7e30038 b Compare_buffer_HSMMC
c7e3003c b HCLK
c7e30040 b mmc_card
c7e30044 b card_mid
c7e30048 b mmc_spec
c7e3004c b sd_spec
c7e30050 b Tx_buffer_HSMMC
c7e30054 b COMPARE_INT_DONE
c7e30058 b Rx_buffer_HSMMC
c7e3005c b mem_malloc_brk
c7e30060 b mem_malloc_start
c7e30064 b mem_malloc_end
c7e30068 B monitor_flash_len
c7e3006c B NetState
c7e30070 b packetHandler
c7e30074 B NetIPID
c7e30078 B NetOurIP
c7e3007c B NetOurEther
c7e30084 B NetPingIP
c7e30088 B NetTxPacket
c7e3008c B NetArpWaitPacketIP
c7e30090 B NetOurSubnetMask
c7e30094 B NetOurGatewayIP
c7e30098 B NetArpWaitReplyIP
c7e3009c B NetRxPkt
c7e300a0 B NetRxPktLen
c7e300a4 B NetArpWaitPacketMAC
c7e300a8 B NetArpWaitTxPacket
c7e300ac B NetArpWaitTxPacketSize
c7e300b0 B NetServerIP
c7e300b4 B NetServerEther
c7e300ba b mac.2519
c7e300c0 B NetEtherNullAddr
c7e300c6 b PingSeqNo
c7e300c8 B NetArpWaitTry
c7e300cc B NetArpWaitTimerStart
c7e300d0 b timeHandler
c7e300d4 b timeStart
c7e300d8 b timeDelta
c7e300dc B PktBuf
c7e31efc B NetRxPackets
c7e31f0c B NetArpWaitPacketBuf
c7e3252c B NetBootFileXferSize
c7e32530 B NetOurDNSIP
c7e32534 B NetOurNISDomain
c7e32554 B NetOurHostName
c7e32574 B NetOurRootPath
c7e325b4 B NetBootFileSize
c7e325b6 B BootFile
c7e32638 b TftpState
c7e3263c b tftp_filename
c7e32640 b TftpBlock
c7e32644 b TftpServerPort
c7e32648 b TftpOurPort
c7e3264c b default_filename
c7e3265c b TftpTimeoutCount
c7e32660 b TftpBlockWrap
c7e32664 b TftpBlockWrapOffset
c7e32668 b TftpLastBlock
c7e3266c B BootpTry
c7e32670 B BootpID
c7e32674 B RarpTry
c7e32678 b rpc_id
c7e3267c b NfsSrvMountPort
c7e32680 b NfsSrvNfsPort
c7e32684 b fs_mounted
c7e32688 b dirfh
c7e326a8 b filefh
c7e326c8 b NfsServerIP
c7e326cc b NfsOurPort
c7e326d0 b NfsState
c7e326d4 b nfs_path
c7e326d8 b nfs_filename
c7e326dc b nfs_len
c7e326e0 b NfsDownloadState
c7e326e4 b nfs_path_buff
c7e32ee4 b default_filename
c7e32f24 b NfsTimeoutCount
c7e32f28 B nand_info
c7e32fdc b nand_chip
c7e330e0 b initted.2111
c7e330e4 b hist_max
c7e330e8 b hist_add_idx
c7e330ec B hist_num
c7e330f0 B hist_lines
c7e344f0 B hist_list
c7e34540 B console_buffer
c7e34640 B header
c7e34680 b os_data_state
c7e34684 B os_data_count
c7e34688 b os_data_addr
c7e3468c b bin_start_address
c7e34690 b k_data_escape
c7e34694 B os_data_init
c7e34698 b k_data_escape_saved
c7e3469c b os_data_state_saved
c7e346a0 b os_data_count_saved
c7e346a4 b os_data_addr_saved
c7e346a8 B os_data_char
c7e346ac B his_quote
c7e346b0 B his_pad_count
c7e346b4 B his_pad_char
c7e346b5 B his_eol
c7e346b8 B send_ptr
c7e346bc B send_parms
c7e346d0 b a_b
c7e346e8 B os_data_header
c7e34708 b base_address
c7e3470c B mm_last_addr
c7e34710 B mm_last_size
c7e34714 B dp_last_addr
c7e34718 B dp_last_size
c7e3471c b ctrlc_disabled
c7e34720 b ctrlc_was_pressed
c7e34724 B devlist
c7e34728 B stdio_devices
c7e34734 b top_pad
c7e34738 b n_mmaps_max
c7e3473c b current_mallinfo
c7e34764 b max_sbrked_mem
c7e34768 b max_total_mem
c7e3476c B env_ptr
c7e34770 b local.2147
c7e34786 b map
c7e34888 b top_vars
c7e3488c b flag_repeat
c7e34890 b do_repeat
c7e34894 b the_command.2174
c7e34994 b buf.2614
c7e349bc B last_return_code
c7e349c0 b ifs
c7e349c4 B nesting_level
c7e349c8 b asynch_allowed
c7e349cc b usb_dev
c7e4124c b usb_hub_index
c7e41250 b hub_dev
c7e41350 b dev_index
c7e41354 B usb_started
c7e41355 b setup_packet
c7e41360 b running
c7e41364 b xyz
c7e417a0 B ofsinfo
c7e417b8 B ___strtok
c7e417bc b fixed_mem
c7e4284c b fixed_lock
c7e42850 b fixed_built
c7e42854 b fixed_bl
c7e42858 b fixed_tl
c7e4285c b fixed_bd
c7e42860 b fixed_td
c7e42864 B flash_info
c7e42900 B ptd
c7e42904 b gohci
c7e429d0 B ohci_dev
c7e42b60 B urb_priv
c7e42c40 B gtd
c7e43d00 B ghcca
c7e43e00 B phcca
c7e43e04 B got_rhsc
c7e43e08 B devgone
c7e43f00 B boot_nand
c7e43f04 B cur_ecc_mode
c7e43f08 B nand_type
c7e43f0c B otg
c7e43f90 B remode_wakeup
c7e43f94 B get_status
c7e43f9a B config_value
c7e43f9c B get_intf
c7e43fa0 B s3c_usbd_dn_addr
c7e43fa4 B op_mode
c7e43fa8 B s3c_receive_done
c7e43fac B speed
c7e43fb0 B s3c_got_header
c7e43fb4 B DNW
c7e43fb8 b params
c7e43fbc b data_buf
c7e447bc b oob_buf
c7e447fc b none_oobinfo
c7e4494c A _end
